com\example\typejam\SelectDifficultyController.class
com\example\typejam\SettingsManager$SettingsData.class
com\example\typejam\ToastUtil.class
com\example\typejam\AboutUsController.class
com\example\typejam\TypingGameController$2.class
com\example\typejam\TypeJam.class
com\example\typejam\ToastUtil$ToastType.class
com\example\typejam\LeaderboardsController.class
com\example\typejam\SettingsController.class
com\example\typejam\EnterNameController.class
com\example\typejam\SelectModeController.class
com\example\typejam\SelectTimeController.class
com\example\typejam\TypingGameController.class
com\example\typejam\GameData.class
com\example\typejam\SoundManager.class
com\example\typejam\TypingGameController$1.class
com\example\typejam\ToastUtil$1.class
com\example\typejam\LeaderboardStorage$LeaderboardEntry.class
com\example\typejam\LeaderboardStorage.class
com\example\typejam\LeaderboardStorage$1.class
com\example\typejam\ReadySceneController.class
com\example\typejam\NavigationHelper.class
module-info.class
com\example\typejam\TypingGameController$4.class
com\example\typejam\SettingsManager.class
com\example\typejam\ResultSceneController$1.class
com\example\typejam\ResultSceneController$ConfettiParticle.class
com\example\typejam\ResultSceneController.class
com\example\typejam\ResetConfirmationController.class
com\example\typejam\MainMenuController.class
com\example\typejam\ResultSceneController$MessagePair.class
com\example\typejam\Launcher.class
com\example\typejam\TypingGameController$3.class
com\example\typejam\LoadingScreenController.class
