C:\Users\lance\IdeaProjects\Type-Jam\src\main\java\com\example\typejam\AboutUsController.java
C:\Users\lance\IdeaProjects\Type-Jam\src\main\java\com\example\typejam\EnterNameController.java
C:\Users\lance\IdeaProjects\Type-Jam\src\main\java\com\example\typejam\GameData.java
C:\Users\lance\IdeaProjects\Type-Jam\src\main\java\com\example\typejam\Launcher.java
C:\Users\lance\IdeaProjects\Type-Jam\src\main\java\com\example\typejam\LeaderboardsController.java
C:\Users\lance\IdeaProjects\Type-Jam\src\main\java\com\example\typejam\LeaderboardStorage.java
C:\Users\lance\IdeaProjects\Type-Jam\src\main\java\com\example\typejam\LoadingScreenController.java
C:\Users\lance\IdeaProjects\Type-Jam\src\main\java\com\example\typejam\MainMenuController.java
C:\Users\lance\IdeaProjects\Type-Jam\src\main\java\com\example\typejam\NavigationHelper.java
C:\Users\lance\IdeaProjects\Type-Jam\src\main\java\com\example\typejam\ReadySceneController.java
C:\Users\lance\IdeaProjects\Type-Jam\src\main\java\com\example\typejam\ResetConfirmationController.java
C:\Users\lance\IdeaProjects\Type-Jam\src\main\java\com\example\typejam\ResultSceneController.java
C:\Users\lance\IdeaProjects\Type-Jam\src\main\java\com\example\typejam\SelectDifficultyController.java
C:\Users\lance\IdeaProjects\Type-Jam\src\main\java\com\example\typejam\SelectModeController.java
C:\Users\lance\IdeaProjects\Type-Jam\src\main\java\com\example\typejam\SelectTimeController.java
C:\Users\lance\IdeaProjects\Type-Jam\src\main\java\com\example\typejam\SettingsController.java
C:\Users\lance\IdeaProjects\Type-Jam\src\main\java\com\example\typejam\SettingsManager.java
C:\Users\lance\IdeaProjects\Type-Jam\src\main\java\com\example\typejam\SoundManager.java
C:\Users\lance\IdeaProjects\Type-Jam\src\main\java\com\example\typejam\ToastUtil.java
C:\Users\lance\IdeaProjects\Type-Jam\src\main\java\com\example\typejam\TypeJam.java
C:\Users\lance\IdeaProjects\Type-Jam\src\main\java\com\example\typejam\TypingGameController.java
C:\Users\lance\IdeaProjects\Type-Jam\src\main\java\module-info.java
